xxxxx
xxxxxxx
